// Jest Snapshot v1, https://goo.gl/fbAQLP

exports[`renders correctly 1`] = `
<div
  className="container landing-container"
>
  <img
    className="landing-logo square fade-in"
    src="https://github.com/ChrisBarnes7404/React-WebBased-MVP/blob/master/public/images/minerva-transparent-vector.png?raw=true"
  />
</div>
`;
